Renesas Optimizing Linker (W2.08.00 )             13-Dec-2018 16:48:43

*** Options ***

-subcommand=DefaultBuild\ap_rx63n.clnk
-library=DefaultBuild\ap_rx63n.lib
-input=DefaultBuild\dbsct.obj
-input=DefaultBuild\hw_init.obj
-input=DefaultBuild\kernel_cfg.obj
-input=DefaultBuild\excp.obj
-input=DefaultBuild\prst.obj
-input=DefaultBuild\vect.obj
-input=DefaultBuild\sample.obj
-input=DefaultBuild\DDR_RX_SCI_I2C.obj
-input=DefaultBuild\DDR_RX_CMT0.obj
-input=DefaultBuild\ddr_lcd.obj
-input=DefaultBuild\ddr_lcd_dat.obj
-input=DefaultBuild\ddr_tpl.obj
-library=..\uC3rxfpul.lib
-library="D:\Thang\IoT_Project\RX63N Code\AP_RX63N_0A.LCD\ap_rx63n\..\uC3rxfpul.lib"
-noprelink
-output=DefaultBuild\ap_rx63n.abs
-list=DefaultBuild\ap_rx63n.map
-show=all
-nooptimize
-start=B_1,R_1,B_2,R_2,B,R,SU,SI/00001000,SRAM_1/07000000,PResetPRG/0FFE00000,C_1,C_2,C,C$*,D_1,D_2,D,P,PIntPRG,W*,L/0FFE00200,VECTTBL/0FFFFFB80,FIXEDVECT/0FFFFFFD0
-rom=D=R,D_1=R_1,D_2=R_2
-nologo
-end

*** Error information ***

W0561010:Duplicate file specified in option "library" : "D:\Thang\IoT_Project\RX63N Code\AP_RX63N_0A.LCD\ap_rx63n\..\uC3rxfpul.lib"

*** Mapping List ***

SECTION                            START      END         SIZE   ALIGN
B_1
                                  00001000  00001019        1a   1
R_1
                                  0000101a  0000101a         0   1
B_2
                                  0000101a  0000101b         2   2
R_2
                                  0000101c  0000101c         0   1
B
                                  0000101c  0000173b       720   4
R
                                  0000173c  0000174f        14   4
SU
                                  00001750  00001b4f       400   4
SI
                                  00001b50  00001f4f       400   4
SRAM_1
                                  07000000  0707f7ff     7f800   4
PResetPRG
                                  ffe00000  ffe00115       116   1
C_1
                                  ffe00200  ffe10208     10009   1
C_2
                                  ffe1020a  ffe10219        10   2
C
                                  ffe1021c  ffe102e7        cc   4
C$DSEC
                                  ffe102e8  ffe1030b        24   4
C$BSEC
                                  ffe1030c  ffe10323        18   4
D_1
                                  ffe10324  ffe10324         0   1
D_2
                                  ffe10324  ffe10324         0   1
D
                                  ffe10324  ffe10337        14   4
P
                                  ffe10338  ffe11c3d      1906   1
PIntPRG
                                  ffe11c40  ffe11d06        c7   8
W
                                  ffe11d07  ffe11d07         0   1
W_1
                                  ffe11d07  ffe11d07         0   1
W_2
                                  ffe11d07  ffe11d07         0   1
L
                                  ffe11d08  ffe11d45        3e   4
VECTTBL
                                  fffffb80  ffffff7f       400   4
FIXEDVECT
                                  ffffffd0  ffffffff        30   4

*** Total Section Size ***

RAMDATA SECTION:  00080750 Byte(s)
ROMDATA SECTION:  000105a3 Byte(s)
PROGRAM SECTION:  00001ae3 Byte(s)

*** Symbol List ***

SECTION=
FILE=                               START        END    SIZE
  SYMBOL                            ADDR        SIZE    INFO      COUNTS  OPT
    STRUCT                                      SIZE
      MEMBER                        ADDR        SIZE    INFO

SECTION=B_1
FILE=DefaultBuild\kernel_cfg.obj
                                  00001000  00001019        1a
  __kernel_waique
                                  00001000        1a   data ,g         1
    struct t_wtid {
                                                   2
      __kernel_waique.nid
                                  00001000         1   unsigned char
      __kernel_waique.pid
                                  00001001         1   unsigned char
    }

SECTION=B_2
FILE=DefaultBuild\ddr_lcd.obj
                                  0000101a  0000101b         2
  _ddr_lcd_cnt
                                  0000101a         2   data ,l         2

SECTION=B
FILE=DefaultBuild\kernel_cfg.obj
                                  0000101c  00001343       328
  __kernel_task1_stk
                                  0000101c       200   data ,g         1
  __kernel_task2_stk
                                  0000121c       100   data ,g         1
  __kernel_tcb
                                  0000131c        20   data ,g         2
    struct t_tcb {
                                                  10
      __kernel_tcb.rtime
                                  0000131c         4   unsigned long
      __kernel_tcb.nid
                                  00001320         1   unsigned char
      __kernel_tcb.pid
                                  00001321         1   unsigned char
      __kernel_tcb.msts
                                  00001322         1   unsigned char
      __kernel_tcb.catr
                                  00001323         1   unsigned char
      __kernel_tcb.wobjid
                                  00001324         1   unsigned char
      __kernel_tcb.cpri
                                  00001325         1   unsigned char
      __kernel_tcb.wup
                                  00001326         1   unsigned char
      __kernel_tcb.act
                                  00001327         1   unsigned char
      __kernel_tcb.ctx
                                  00001328         4
    union   {
                                                   4
      __kernel_tcb.ctx.sp
                                  00001328         4   [pointer]
      __kernel_tcb.ctx.par
                                  00001328         4   [pointer]
    }
    }
  __kernel_flg
                                  0000133c         8   data ,g         2
FILE=DefaultBuild\ddr_lcd.obj
                                  00001344  0000170f       3cc
  _ddr_lcd_blight
                                  00001344         4   data ,l         2
  _ddr_lcd_buf_ptr
                                  00001348         4   data ,l         3
  _ddr_lcd_img_back
                                  0000134c       3c0   data ,l         2
  _ddr_lcd_i2c_buf
                                  0000170c         4   data ,l         1
FILE=DefaultBuild\ddr_tpl.obj
                                  00001710  00001717         8
  _ddr_tpl_i2c_buf
                                  00001710         8   data ,l         2
FILE=uC3krncm3
                                  00001718  0000173b        24
  __kernel_systbl
                                  00001718        24   data ,g        21

SECTION=R
FILE=DefaultBuild\DDR_RX_SCI_I2C.obj
                                  0000173c  00001747         c
  __ddr_rx_sci_i2c_mgr2
                                  0000173c         c   data ,g         6
    struct t_rx_sci_i2c_mgr {
                                                   c
      __ddr_rx_sci_i2c_mgr2.reg
                                  0000173c         4   [pointer]
      __ddr_rx_sci_i2c_mgr2.flg
                                  00001740         4   int
      __ddr_rx_sci_i2c_mgr2.adr
                                  00001744         1   unsigned char
    }
FILE=DefaultBuild\ddr_lcd.obj
                                  00001748  0000174b         4
  _cnt$1
                                  00001748         4   data ,l         1
FILE=uC3krncm3
                                  0000174c  0000174f         4
  __kernel_undefined
                                  0000174c         4   data ,g         0

SECTION=SU
FILE=DefaultBuild\kernel_cfg.obj
                                  00001750  00001b4f       400

SECTION=SI
FILE=DefaultBuild\kernel_cfg.obj
                                  00001b50  00001f4f       400

SECTION=SRAM_1
FILE=DefaultBuild\ddr_lcd.obj
                                  07000000  0707f7ff     7f800
  _ddr_lcd_buf_1
                                  07000000     3fc00   data ,l         1
  _ddr_lcd_buf_2
                                  0703fc00     3fc00   data ,l         1

SECTION=PResetPRG
FILE=DefaultBuild\prst.obj
                                  ffe00000  ffe00115       116
  _ResetHandler
                                  ffe00000         0   none ,g         1
  exit
                                  ffe00022         0   none ,l         1
  InitTarget
                                  ffe00024         0   none ,l         1
  _0b
                                  ffe0003e         0   none ,l         1
  _1b
                                  ffe00048         0   none ,l         1
  _2b
                                  ffe0004e         0   none ,l         1
  _3b
                                  ffe00054         0   none ,l         1
  _4b
                                  ffe0005a         0   none ,l         1
  _5b
                                  ffe0006a         0   none ,l         1
  _6b
                                  ffe00092         0   none ,l         1
  InitTarget_end
                                  ffe000a4         0   none ,l         1
  ini_cmt0
                                  ffe000ab         0   none ,l         1
  rst_cmt0
                                  ffe000b7         0   none ,l         1
  wait_main
                                  ffe000cd         0   none ,l         1
  _20b
                                  ffe000e2         0   none ,l         1
  wait_pll
                                  ffe000f2         0   none ,l         1
  _21b
                                  ffe00106         0   none ,l         1

SECTION=C_1
FILE=DefaultBuild\kernel_cfg.obj
                                  ffe00200  ffe0020c         d
  __kernel_atrtbl
                                  ffe00200         d   data ,g         1
FILE=DefaultBuild\ddr_lcd_dat.obj
                                  ffe0020d  ffe1010c      ff00
  _ddr_lcd_dat_img1
                                  ffe0020d      ff00   data ,g         1
FILE=DefaultBuild\ddr_tpl.obj
                                  ffe1010d  ffe101f8        ec
  _ddr_tpl_cmd_ini
                                  ffe1010d        ec   data ,l         1
    struct t_tpl_cmd_ini {
                                                   4
      _ddr_tpl_cmd_ini.dat
                                  ffe1010d         4   unsigned char
    }
FILE=uC3dsp
                                  ffe101f9  ffe10208        10

SECTION=C_2
FILE=uC3krncm3
                                  ffe1020a  ffe10219        10
  __kernel_ver
                                  ffe1020a        10   data ,g         1

SECTION=C
FILE=DefaultBuild\dbsct.obj
                                  ffe1021c  ffe10233        18
  __CTBL
                                  ffe1021c        18   data ,g         0
FILE=DefaultBuild\kernel_cfg.obj
                                  ffe10234  ffe102e7        b4
  __kernel_task1
                                  ffe10234        18   data ,g         1
    struct t_ctsk {
                                                  18
      __kernel_task1.exinf
                                  ffe10234         4   [pointer]
      __kernel_task1.task
                                  ffe10238         4   [pointer]
      __kernel_task1.stksz
                                  ffe1023c         4   unsigned long
      __kernel_task1.stk
                                  ffe10240         4   [pointer]
      __kernel_task1.stkno
                                  ffe10244         4   int
      __kernel_task1.itskpri
                                  ffe10248         4   int
    }
  __kernel_task2
                                  ffe1024c        18   data ,g         1
    struct t_ctsk {
                                                  18
      __kernel_task2.exinf
                                  ffe1024c         4   [pointer]
      __kernel_task2.task
                                  ffe10250         4   [pointer]
      __kernel_task2.stksz
                                  ffe10254         4   unsigned long
      __kernel_task2.stk
                                  ffe10258         4   [pointer]
      __kernel_task2.stkno
                                  ffe1025c         4   int
      __kernel_task2.itskpri
                                  ffe10260         4   int
    }
  __kernel_flg1
                                  ffe10264         4   data ,g         1
    struct t_cflg {
                                                   4
      __kernel_flg1.iflgptn
                                  ffe10264         4   unsigned int
    }
  __kernel_flg2
                                  ffe10268         4   data ,g         1
    struct t_cflg {
                                                   4
      __kernel_flg2.iflgptn
                                  ffe10268         4   unsigned int
    }
  __kernel_inftbl
                                  ffe1026c        10   data ,g         1
  __kernel_objname
                                  ffe1027c        34   data ,g         1
  __kernel_ctrtbl
                                  ffe102b0        10   data ,g         1
  __kernel_cnstbl
                                  ffe102c0        28   data ,g        1c
    struct t_cnstbl {
                                                  28
      __kernel_cnstbl.atrtbl
                                  ffe102c0         4   [pointer]
      __kernel_cnstbl.inftbl
                                  ffe102c4         4   [pointer]
      __kernel_cnstbl.ctrtim
                                  ffe102c8         4   [pointer]
      __kernel_cnstbl.sysidl
                                  ffe102cc         4   [pointer]
      __kernel_cnstbl.waique
                                  ffe102d0         4   [pointer]
      __kernel_cnstbl.ctrtbl
                                  ffe102d4         4   [pointer]
      __kernel_cnstbl.objname
                                  ffe102d8         4   [pointer]
      __kernel_cnstbl.prid
                                  ffe102dc         2   unsigned short
      __kernel_cnstbl.prver
                                  ffe102de         2   unsigned short
      __kernel_cnstbl.tick
                                  ffe102e0         2   unsigned short
      __kernel_cnstbl.tskpri_max
                                  ffe102e2         1   unsigned char
      __kernel_cnstbl.id_max
                                  ffe102e3         1   unsigned char
      __kernel_cnstbl.cnsdep
                                  ffe102e4         4
    struct t_cnsdep {
                                                   4
      __kernel_cnstbl.cnsdep.knlipl
                                  ffe102e4         1   unsigned char
      __kernel_cnstbl.cnsdep.rserved
                                  ffe102e5         3   unsigned char
    }
    }

SECTION=C$DSEC
FILE=DefaultBuild\dbsct.obj
                                  ffe102e8  ffe1030b        24
  __DTBL
                                  ffe102e8        24   data ,g         0
    struct  {
                                                   c
      __DTBL.rom_s
                                  ffe102e8         4   [pointer]
      __DTBL.rom_e
                                  ffe102ec         4   [pointer]
      __DTBL.ram_s
                                  ffe102f0         4   [pointer]
    }

SECTION=C$BSEC
FILE=DefaultBuild\dbsct.obj
                                  ffe1030c  ffe10323        18
  __BTBL
                                  ffe1030c        18   data ,g         0
    struct  {
                                                   8
      __BTBL.b_s
                                  ffe1030c         4   [pointer]
      __BTBL.b_e
                                  ffe10310         4   [pointer]
    }

SECTION=D
FILE=DefaultBuild\DDR_RX_SCI_I2C.obj
                                  ffe10324  ffe1032f         c
FILE=DefaultBuild\ddr_lcd.obj
                                  ffe10330  ffe10333         4
FILE=uC3krncm3
                                  ffe10334  ffe10337         4

SECTION=P
FILE=DefaultBuild\hw_init.obj
                                  ffe10338  ffe1033c         5
  _init_peripheral
                                  ffe10338         1   func ,g         1
  __ddr_init
                                  ffe10339         4   func ,g         1
FILE=DefaultBuild\kernel_cfg.obj
                                  ffe1033d  ffe10340         4
  __kernel_initial
                                  ffe1033d         4   func ,g         1
FILE=DefaultBuild\sample.obj
                                  ffe10341  ffe103dd        9d
  _int_abort
                                  ffe10341         2   func ,g       102
  _MainTask
                                  ffe10343        6a   func ,g         1
  _LedTask
                                  ffe103ad        1c   func ,g         1
  _main
                                  ffe103c9        15   func ,g         1
FILE=DefaultBuild\DDR_RX_SCI_I2C.obj
                                  ffe103de  ffe10845       468
  __ddr_rx_sci_i2c_intr_rxi
                                  ffe103de         8   func ,g         1
  __ddr_rx_sci_i2c_intr_txi
                                  ffe103e6         8   func ,g         1
  __ddr_rx_sci_i2c_intr_tei
                                  ffe103ee         d   func ,g         1
  __ddr_rx_sci_i2c_snd_dat
                                  ffe103fb        ba   func ,l         2
  __ddr_rx_sci_i2c_rcv_dat
                                  ffe104b5       138   func ,l         2
  __ddr_rx_sci_i2c_ini
                                  ffe105ed        d7   func ,g         1
  __ddr_rx_sci_i2c_set_adr
                                  ffe106c4        10   func ,g         5
  __ddr_rx_sci_i2c_snd
                                  ffe106d4        6d   func ,g         4
  __ddr_rx_sci_i2c_rcv
                                  ffe10741        72   func ,g         0
  __ddr_rx_sci_i2c_cmd
                                  ffe107b3        93   func ,g         4
FILE=DefaultBuild\DDR_RX_CMT0.obj
                                  ffe10846  ffe108b6        71
  __ddr_rx_cmt0_isr
                                  ffe10846         4   func ,g         1
  __ddr_rx_cmt0_init
                                  ffe1084a        6d   func ,g         1
FILE=DefaultBuild\ddr_lcd.obj
                                  ffe108b7  ffe10c30       37a
  _ddr_lcd_intr
                                  ffe108b7        6f   func ,g         1
  _ddr_lcd_ini
                                  ffe10926       201   func ,g         1
  _ddr_lcd_adj_blight
                                  ffe10b27        45   func ,g         3
  _ddr_lcd_put_img
                                  ffe10b6c        c5   func ,g         3
FILE=DefaultBuild\ddr_tpl.obj
                                  ffe10c31  ffe10dfe       1ce
  _ddr_tpl_intr
                                  ffe10c31         8   func ,g         1
  _ddr_tpl_ini
                                  ffe10c39        a3   func ,g         1
  _ddr_tpl_get_dat
                                  ffe10cdc       123   func ,g         1
FILE=__initsct
                                  ffe10dff  ffe10e48        4a
  __INITSCT
                                  ffe10dff         0   none ,g         1
  loop1
                                  ffe10e11         0   none ,l         1
  next_loop1
                                  ffe10e1f         0   none ,l         2
  loop3
                                  ffe10e31         0   none ,l         1
  next_loop3
                                  ffe10e42         0   none ,l         2
FILE=uC3clrflg
                                  ffe10e49  ffe10e9d        55
  _clr_flg
                                  ffe10e49        55   func ,g         a
FILE=uC3dlytsk
                                  ffe10e9e  ffe10f37        9a
  _dly_tsk
                                  ffe10e9e        9a   func ,g         3
FILE=uC3krncm1
                                  ffe10f38  ffe112b9       382
  _start_uC3
                                  ffe10f38       1d2   func ,g         1
  __kernel_deqid
                                  ffe1110a        24   func ,g         7
  __kernel_enqid
                                  ffe1112e        2c   func ,g         3
  __kernel_gettskid
                                  ffe1115a        84   func ,g         1
  __kernel_check_tskid
                                  ffe111de        46   func ,g         1
  __kernel_waiobj
                                  ffe11224        54   func ,g         1
  __kernel_enqrdy
                                  ffe11278        21   func ,g         3
  __kernel_relobj
                                  ffe11299        18   func ,g         1
  _vget_tms
                                  ffe112b1         9   func ,g         0
FILE=uC3setflg
                                  ffe112ba  ffe11375        bc
  _set_flg
                                  ffe112ba        bc   func ,g         4
FILE=uC3sigtim
                                  ffe11376  ffe115c8       253
  __kernel_enqtim_sub
                                  ffe11376        40   func ,g         1
  __kernel_enqtim
                                  ffe113b6        87   func ,g         4
  __kernel_deqtim
                                  ffe1143d        39   func ,g         1
  __kernel_timup
                                  ffe11476        b6   func ,g         1
  __kernel_timpro
                                  ffe1152c        6c   func ,g         1
  _isig_tim
                                  ffe11598        31   func ,g         1
FILE=uC3snsloc
                                  ffe115c9  ffe115cc         4
  _sns_loc
                                  ffe115c9         4   func ,g         1
FILE=uC3waiflg
                                  ffe115cd  ffe116d1       105
  _twai_flg
                                  ffe115cd       105   func ,g         d
FILE=uC3loccpu
                                  ffe116d2  ffe116f4        23
  _loc_cpu
                                  ffe116d2        23   func ,g         a
FILE=uC3unlcpu
                                  ffe116f5  ffe11734        40
  _unl_cpu
                                  ffe116f5        40   func ,g         a
FILE=uC3dsp
                                  ffe11735  ffe11a05       2d1
  __kernel_init_depended
                                  ffe11735         0   none ,g         1
  __kernel_waisys
                                  ffe11761         0   none ,g         1
  __kernel_entsys
                                  ffe11761         0   none ,g         2
  __kernel_dispatch
                                  ffe11797         0   none ,g         3
  retint_c
                                  ffe11797         0   none ,l         2
  dispatch
                                  ffe117ae         0   none ,l         0
  dispatch_1
                                  ffe11808         0   none ,l         1
  dispatch_2
                                  ffe1182d         0   none ,l         1
  dispatch_3
                                  ffe1184a         0   none ,l         1
  dispatch_idle
                                  ffe11863         0   none ,l         2
  dispatch_idle_1
                                  ffe11881         0   none ,l         2
  __kernel_entint
                                  ffe11883         0   none ,g         5
  entint_c
                                  ffe11929         0   none ,l         2
  entint_r
                                  ffe11945         0   none ,l         2
  __kernel_retint
                                  ffe11959         0   none ,g         5
  retint_1
                                  ffe11984         0   none ,l         1
  retint_2
                                  ffe119ab         0   none ,l         1
  retint_r
                                  ffe119eb         0   none ,l         2
  retint_r1
                                  ffe119ef         0   none ,l         2
  _vget_ctx
                                  ffe119fd         0   none ,g         0
FILE=uC3acttsk
                                  ffe11a06  ffe11a7b        76
  __kernel_acttsk
                                  ffe11a06        1e   func ,g         3
  _act_tsk
                                  ffe11a24        58   func ,g         0
FILE=uC3exttsk
                                  ffe11a7c  ffe11b27        ac
  _ext_tsk
                                  ffe11a7c        ac   func ,g         2
FILE=uC3krncm2
                                  ffe11b28  ffe11c3d       116
  __kernel_setctx
                                  ffe11b28        22   func ,g         0
  __kernel_cycfunc
                                  ffe11b4a        48   func ,g         1
  __kernel_lock
                                  ffe11b92        27   func ,g         9
  __kernel_unlock
                                  ffe11bb9        39   func ,g         8
  __kernel_setims
                                  ffe11bf2        30   func ,g         2
  __kernel_snsloc
                                  ffe11c22        14   func ,g         1
  __kernel_getims
                                  ffe11c36         8   func ,g         0

SECTION=PIntPRG
FILE=DefaultBuild\excp.obj
                                  ffe11c40  ffe11d06        c7
  default_exception
                                  ffe11c40         0   none ,g         4
  exphdr_152
                                  ffe11c68         0   none ,g         1
  inthdr_28
                                  ffe11c90         0   none ,g         1
  inthdr_69
                                  ffe11ca8         0   none ,g         1
  inthdr_220
                                  ffe11cc0         0   none ,g         1
  inthdr_221
                                  ffe11cd8         0   none ,g         1
  inthdr_222
                                  ffe11cf0         0   none ,g         1

SECTION=L
FILE=DefaultBuild\kernel_cfg.obj
                                  ffe11d08  ffe11d3a        33
FILE=uC3krncm3
                                  ffe11d3c  ffe11d45         a

SECTION=VECTTBL
FILE=DefaultBuild\vect.obj
                                  fffffb80  ffffff7f       400

SECTION=FIXEDVECT
FILE=DefaultBuild\vect.obj
                                  ffffffd0  ffffffff        30

Absolute value symbols
FILE=DefaultBuild\prst.obj
  CMT0CR
                                  00008002         0   none ,l         0
  MSTPCRA
                                  00000010         0   none ,l         0
  CMT1CNT
                                  0000800a         0   none ,l         0
  P3PMR
                                  0000c063         0   none ,l         0
  CMT1COR
                                  0000800c         0   none ,l         0
  MOSCWTCR
                                  000000a2         0   none ,l         0
  CMT1CR
                                  00008008         0   none ,l         0
  CMSTR0
                                  00008000         0   none ,l         0
  CMSTR1
                                  00008010         0   none ,l         0
  SCKCR3
                                  00000026         0   none ,l         0
  SCKCR2
                                  00000024         0   none ,l         0
  FLBASE
                                  007f0000         0   none ,l         0
  P3PDR
                                  0000c003         0   none ,l         0
  CMT2CR
                                  00008012         0   none ,l         0
  CMT2CNT
                                  00008014         0   none ,l         0
  PLLCR2
                                  0000002a         0   none ,l         0
  BCKCR
                                  00000030         0   none ,l         0
  CMT2COR
                                  00008016         0   none ,l         0
  MOSCCR
                                  00000032         0   none ,l         0
  CMT0CNT
                                  00008004         0   none ,l         0
  CMT3CR
                                  00008018         0   none ,l         0
  IR28
                                  0000701c         0   none ,l         0
  IR29
                                  0000701d         0   none ,l         0
  SCKCR
                                  00000020         0   none ,l         0
  PLLWTCR
                                  000000a6         0   none ,l         0
  IR30
                                  0000701e         0   none ,l         0
  IR31
                                  0000701f         0   none ,l         0
  CMT0COR
                                  00008006         0   none ,l         0
  PLLCR
                                  00000028         0   none ,l         0
  IOBASE
                                  00080000         0   none ,l         0
  CMT3CNT
                                  0000801a         0   none ,l         0
  OPCCR
                                  000000a0         0   none ,l         0
  CMT3COR
                                  0000801c         0   none ,l         0
  FENTRYR
                                  0000ffb2         0   none ,l         0
  PRCR
                                  000003fe         0   none ,l         0
FILE=uC3dsp
  TCB_NID
                                  00000004         0   none ,l         0
  CTCB_EXINF
                                  00000000         0   none ,l         0
  ID_CTX_IDLE
                                  00000010         0   none ,l         0
  CNS_ATRTBL
                                  00000000         0   none ,l         0
  SYS_MPUID
                                  00000020         0   none ,l         0
  TA_SYS
                                  00000000         0   none ,l         0
  TA_SINI
                                  00000002         0   none ,l         0
  TA_INT
                                  00000001         0   none ,l         0
  SYS_ICNT
                                  00000005         0   none ,l         0
  CNS_CTRTBL
                                  00000014         0   none ,l         0
  SYS_DSP
                                  00000000         0   none ,l         0
  ID_CTX_INIT
                                  00000030         0   none ,l         0
  SYS_IMS
                                  00000004         0   none ,l         0
  ID_CTX_INTR
                                  00000020         0   none ,l         0
  CNS_WAUQUE
                                  00000010         0   none ,l         0
  CNS_KNLIPL
                                  00000024         0   none ,l         0
  TCB_WOBJID
                                  00000008         0   none ,l         0
  TCB_WUP
                                  0000000a         0   none ,l         0
  TCB_MSTS
                                  00000006         0   none ,l         0
  SYS_DIMS
                                  00000002         0   none ,l         0
  CNS_CTRTIM
                                  00000008         0   none ,l         0
  TCB_RELTIM
                                  00000000         0   none ,l         0
  TCB_CATR
                                  00000007         0   none ,l         0
  SYS_IIMS
                                  00000006         0   none ,l         0
  TCB_SP
                                  0000000c         0   none ,l         0
  SYS_RDSP
                                  00000007         0   none ,l         0
  FALSE
                                  00000000         0   none ,l         0
  TCB_PID
                                  00000005         0   none ,l         0
  SYS_DLOCK
                                  00000001         0   none ,l         0
  CNS_PRVER
                                  0000001e         0   none ,l         0
  CNS_TICK
                                  00000020         0   none ,l         0
  CNS_TSKPRI_MAX
                                  00000022         0   none ,l         0
  CNS_ID_MAX
                                  00000023         0   none ,l         0
  SYS_RUN
                                  0000000a         0   none ,l         0
  TA_AINI
                                  00000003         0   none ,l         0
  CTCB_TASK
                                  00000004         0   none ,l         0
  SYS_CTXL
                                  00000003         0   none ,l         0
  CNS_SYSIDL
                                  0000000c         0   none ,l         0
  SYS_PRI
                                  00000009         0   none ,l         0
  SYS_FPSW
                                  00000024         0   none ,l         0
  CNS_OBJNAME
                                  00000018         0   none ,l         0
  ID_CTX_CYC
                                  00000040         0   none ,l         0
  SYS_BASEMASK
                                  0000001c         0   none ,l         0
  TCB_CPRI
                                  00000009         0   none ,l         0
  ID_CTX_TASK
                                  00000000         0   none ,l         0
  SYS_SIGCNT
                                  00000008         0   none ,l         0
  TCB_ACT
                                  0000000b         0   none ,l         0
  TRUE
                                  00000001         0   none ,l         0
  CNS_INFTBL
                                  00000004         0   none ,l         0
  CNS_PRID
                                  0000001c         0   none ,l         0

*** Unfilled Areas ***

AREA                                START    END

*** Delete Symbols ***

SYMBOL                                SIZE    INFO

*** Cross Reference List ***

No   Unit Name   Global.Symbol   Location External Infomation
---- ----------- --------------- -------- ---------------------
0001 dbsct
     SECTION=C
                 __CTBL
                                 ffe1021c
     SECTION=C$DSEC
                 __DTBL
                                 ffe102e8
     SECTION=C$BSEC
                 __BTBL
                                 ffe1030c
     SECTION=B
     SECTION=B_1
     SECTION=B_2
     SECTION=C_1
     SECTION=C_2
     SECTION=D
     SECTION=D_1
     SECTION=D_2
     SECTION=R
     SECTION=R_1
     SECTION=R_2
     SECTION=W
     SECTION=W_1
     SECTION=W_2
     SECTION=R
     SECTION=R_1
     SECTION=R_2
0002 hw_init
     SECTION=P
                 _init_peripheral
                                 ffe10338 0007(ffe103ca:P)
                 __ddr_init
                                 ffe10339 0003(ffe1033e:P)
0003 kernel_cfg
     SECTION=B_1
                 __kernel_waique
                                 00001000 0003(ffe102d0:C)
     SECTION=B
                 __kernel_task1_stk
                                 0000101c 0003(ffe10240:C)
                 __kernel_task2_stk
                                 0000121c 0003(ffe10258:C)
                 __kernel_tcb
                                 0000131c 0003(ffe102b0:C)
                                          0003(ffe102b4:C)
                 __kernel_flg
                                 0000133c 0003(ffe102b8:C)
                                          0003(ffe102bc:C)
     SECTION=C_1
                 __kernel_atrtbl
                                 ffe00200 0003(ffe102c0:C)
     SECTION=C
                 __kernel_task1
                                 ffe10234 0003(ffe1026c:C)
                 __kernel_task2
                                 ffe1024c 0003(ffe10270:C)
                 __kernel_flg1
                                 ffe10264 0003(ffe10274:C)
                 __kernel_flg2
                                 ffe10268 0003(ffe10278:C)
                 __kernel_inftbl
                                 ffe1026c 0003(ffe102c4:C)
                 __kernel_objname
                                 ffe1027c 0003(ffe102d8:C)
                 __kernel_ctrtbl
                                 ffe102b0 0003(ffe102d4:C)
                 __kernel_cnstbl
                                 ffe102c0 0014(ffe10e5f:P)
                                          0015(ffe10eb9:P)
                                          0015(ffe10f07:P)
                                          0016(ffe10f5e:P)
                                          0016(ffe1110e:P)
                                          0016(ffe11132:P)
                                          0016(ffe111e6:P)
                                          0016(ffe11233:P)
                                          0017(ffe112c9:P)
                                          0018(ffe11382:P)
                                          0018(ffe1138f:P)
                                          0018(ffe113db:P)
                                          0018(ffe1143f:P)
                                          0018(ffe1147c:P)
                                          0018(ffe1150e:P)
                                          0018(ffe11538:P)
                                          0020(ffe115ee:P)
                                          0020(ffe11651:P)
                                          0022(ffe116de:P)
                                          0023(ffe11703:P)
                                          0024(ffe1173d:P)
                                          0024(ffe11784:P)
                                          0024(ffe117bc:P)
                                          0024(ffe118c7:P)
                                          0024(ffe119b4:P)
                                          0025(ffe11a37:P)
                                          0026(ffe11a96:P)
                                          0027(ffe11c2b:P)
     SECTION=P
                 __kernel_initial
                                 ffe1033d 0016(ffe110ea:P)
     SECTION=SI
     SECTION=SU
     SECTION=L
0004 excp
     SECTION=PIntPRG
                 default_exception
                                 ffe11c40 0006(ffffffd0:FIXEDVECT)
                                          0006(ffffffdc:FIXEDVECT)
                                          0006(ffffffe4:FIXEDVECT)
                                          0006(fffffff8:FIXEDVECT)
                 exphdr_152
                                 ffe11c68 0006(fffffde0:VECTTBL)
                 inthdr_28
                                 ffe11c90 0006(fffffbf0:VECTTBL)
                 inthdr_69
                                 ffe11ca8 0006(fffffc94:VECTTBL)
                 inthdr_220
                                 ffe11cc0 0006(fffffef0:VECTTBL)
                 inthdr_221
                                 ffe11cd8 0006(fffffef4:VECTTBL)
                 inthdr_222
                                 ffe11cf0 0006(fffffef8:VECTTBL)
0005 prst
     SECTION=PResetPRG
                 _ResetHandler
                                 ffe00000 0006(fffffffc:FIXEDVECT)
     SECTION=SI
     SECTION=SU
     SECTION=VECTTBL
0006 vect
     SECTION=VECTTBL
     SECTION=FIXEDVECT
0007 sample
     SECTION=P
                 _int_abort
                                 ffe10341 0004(ffe11c50:PIntPRG)
                                          0006(fffffb80:VECTTBL)
                                          0006(fffffb84:VECTTBL)
                                          0006(fffffb88:VECTTBL)
                                          0006(fffffb8c:VECTTBL)
                                          0006(fffffb90:VECTTBL)
                                          0006(fffffb94:VECTTBL)
                                          0006(fffffb98:VECTTBL)
                                          0006(fffffb9c:VECTTBL)
                                          0006(fffffba0:VECTTBL)
                                          0006(fffffba4:VECTTBL)
                                          0006(fffffba8:VECTTBL)
                                          0006(fffffbac:VECTTBL)
                                          0006(fffffbb0:VECTTBL)
                                          0006(fffffbb4:VECTTBL)
                                          0006(fffffbb8:VECTTBL)
                                          0006(fffffbbc:VECTTBL)
                                          0006(fffffbc0:VECTTBL)
                                          0006(fffffbc4:VECTTBL)
                                          0006(fffffbc8:VECTTBL)
                                          0006(fffffbcc:VECTTBL)
                                          0006(fffffbd0:VECTTBL)
                                          0006(fffffbd4:VECTTBL)
                                          0006(fffffbd8:VECTTBL)
                                          0006(fffffbdc:VECTTBL)
                                          0006(fffffbe0:VECTTBL)
                                          0006(fffffbe4:VECTTBL)
                                          0006(fffffbe8:VECTTBL)
                                          0006(fffffbec:VECTTBL)
                                          0006(fffffbf4:VECTTBL)
                                          0006(fffffbf8:VECTTBL)
                                          0006(fffffbfc:VECTTBL)
                                          0006(fffffc00:VECTTBL)
                                          0006(fffffc04:VECTTBL)
                                          0006(fffffc08:VECTTBL)
                                          0006(fffffc0c:VECTTBL)
                                          0006(fffffc10:VECTTBL)
                                          0006(fffffc14:VECTTBL)
                                          0006(fffffc18:VECTTBL)
                                          0006(fffffc1c:VECTTBL)
                                          0006(fffffc20:VECTTBL)
                                          0006(fffffc24:VECTTBL)
                                          0006(fffffc28:VECTTBL)
                                          0006(fffffc2c:VECTTBL)
                                          0006(fffffc30:VECTTBL)
                                          0006(fffffc34:VECTTBL)
                                          0006(fffffc38:VECTTBL)
                                          0006(fffffc3c:VECTTBL)
                                          0006(fffffc40:VECTTBL)
                                          0006(fffffc44:VECTTBL)
                                          0006(fffffc48:VECTTBL)
                                          0006(fffffc4c:VECTTBL)
                                          0006(fffffc50:VECTTBL)
                                          0006(fffffc54:VECTTBL)
                                          0006(fffffc58:VECTTBL)
                                          0006(fffffc5c:VECTTBL)
                                          0006(fffffc60:VECTTBL)
                                          0006(fffffc64:VECTTBL)
                                          0006(fffffc68:VECTTBL)
                                          0006(fffffc6c:VECTTBL)
                                          0006(fffffc70:VECTTBL)
                                          0006(fffffc74:VECTTBL)
                                          0006(fffffc78:VECTTBL)
                                          0006(fffffc7c:VECTTBL)
                                          0006(fffffc80:VECTTBL)
                                          0006(fffffc84:VECTTBL)
                                          0006(fffffc88:VECTTBL)
                                          0006(fffffc8c:VECTTBL)
                                          0006(fffffc90:VECTTBL)
                                          0006(fffffc98:VECTTBL)
                                          0006(fffffc9c:VECTTBL)
                                          0006(fffffca0:VECTTBL)
                                          0006(fffffca4:VECTTBL)
                                          0006(fffffca8:VECTTBL)
                                          0006(fffffcac:VECTTBL)
                                          0006(fffffcb0:VECTTBL)
                                          0006(fffffcb4:VECTTBL)
                                          0006(fffffcb8:VECTTBL)
                                          0006(fffffcbc:VECTTBL)
                                          0006(fffffcc0:VECTTBL)
                                          0006(fffffcc4:VECTTBL)
                                          0006(fffffcc8:VECTTBL)
                                          0006(fffffccc:VECTTBL)
                                          0006(fffffcd0:VECTTBL)
                                          0006(fffffcd4:VECTTBL)
                                          0006(fffffcd8:VECTTBL)
                                          0006(fffffcdc:VECTTBL)
                                          0006(fffffce0:VECTTBL)
                                          0006(fffffce4:VECTTBL)
                                          0006(fffffce8:VECTTBL)
                                          0006(fffffcec:VECTTBL)
                                          0006(fffffcf0:VECTTBL)
                                          0006(fffffcf4:VECTTBL)
                                          0006(fffffcf8:VECTTBL)
                                          0006(fffffcfc:VECTTBL)
                                          0006(fffffd00:VECTTBL)
                                          0006(fffffd04:VECTTBL)
                                          0006(fffffd08:VECTTBL)
                                          0006(fffffd0c:VECTTBL)
                                          0006(fffffd10:VECTTBL)
                                          0006(fffffd14:VECTTBL)
                                          0006(fffffd18:VECTTBL)
                                          0006(fffffd1c:VECTTBL)
                                          0006(fffffd20:VECTTBL)
                                          0006(fffffd24:VECTTBL)
                                          0006(fffffd28:VECTTBL)
                                          0006(fffffd2c:VECTTBL)
                                          0006(fffffd30:VECTTBL)
                                          0006(fffffd34:VECTTBL)
                                          0006(fffffd38:VECTTBL)
                                          0006(fffffd3c:VECTTBL)
                                          0006(fffffd40:VECTTBL)
                                          0006(fffffd44:VECTTBL)
                                          0006(fffffd48:VECTTBL)
                                          0006(fffffd4c:VECTTBL)
                                          0006(fffffd50:VECTTBL)
                                          0006(fffffd54:VECTTBL)
                                          0006(fffffd58:VECTTBL)
                                          0006(fffffd5c:VECTTBL)
                                          0006(fffffd60:VECTTBL)
                                          0006(fffffd64:VECTTBL)
                                          0006(fffffd68:VECTTBL)
                                          0006(fffffd6c:VECTTBL)
                                          0006(fffffd70:VECTTBL)
                                          0006(fffffd74:VECTTBL)
                                          0006(fffffd78:VECTTBL)
                                          0006(fffffd7c:VECTTBL)
                                          0006(fffffd80:VECTTBL)
                                          0006(fffffd84:VECTTBL)
                                          0006(fffffd88:VECTTBL)
                                          0006(fffffd8c:VECTTBL)
                                          0006(fffffd90:VECTTBL)
                                          0006(fffffd94:VECTTBL)
                                          0006(fffffd98:VECTTBL)
                                          0006(fffffd9c:VECTTBL)
                                          0006(fffffda0:VECTTBL)
                                          0006(fffffda4:VECTTBL)
                                          0006(fffffda8:VECTTBL)
                                          0006(fffffdac:VECTTBL)
                                          0006(fffffdb0:VECTTBL)
                                          0006(fffffdb4:VECTTBL)
                                          0006(fffffdb8:VECTTBL)
                                          0006(fffffdbc:VECTTBL)
                                          0006(fffffdc0:VECTTBL)
                                          0006(fffffdc4:VECTTBL)
                                          0006(fffffdc8:VECTTBL)
                                          0006(fffffdcc:VECTTBL)
                                          0006(fffffdd0:VECTTBL)
                                          0006(fffffdd4:VECTTBL)
                                          0006(fffffdd8:VECTTBL)
                                          0006(fffffddc:VECTTBL)
                                          0006(fffffde4:VECTTBL)
                                          0006(fffffde8:VECTTBL)
                                          0006(fffffdec:VECTTBL)
                                          0006(fffffdf0:VECTTBL)
                                          0006(fffffdf4:VECTTBL)
                                          0006(fffffdf8:VECTTBL)
                                          0006(fffffdfc:VECTTBL)
                                          0006(fffffe00:VECTTBL)
                                          0006(fffffe04:VECTTBL)
                                          0006(fffffe08:VECTTBL)
                                          0006(fffffe0c:VECTTBL)
                                          0006(fffffe10:VECTTBL)
                                          0006(fffffe14:VECTTBL)
                                          0006(fffffe18:VECTTBL)
                                          0006(fffffe1c:VECTTBL)
                                          0006(fffffe20:VECTTBL)
                                          0006(fffffe24:VECTTBL)
                                          0006(fffffe28:VECTTBL)
                                          0006(fffffe2c:VECTTBL)
                                          0006(fffffe30:VECTTBL)
                                          0006(fffffe34:VECTTBL)
                                          0006(fffffe38:VECTTBL)
                                          0006(fffffe3c:VECTTBL)
                                          0006(fffffe40:VECTTBL)
                                          0006(fffffe44:VECTTBL)
                                          0006(fffffe48:VECTTBL)
                                          0006(fffffe4c:VECTTBL)
                                          0006(fffffe50:VECTTBL)
                                          0006(fffffe54:VECTTBL)
                                          0006(fffffe58:VECTTBL)
                                          0006(fffffe5c:VECTTBL)
                                          0006(fffffe60:VECTTBL)
                                          0006(fffffe64:VECTTBL)
                                          0006(fffffe68:VECTTBL)
                                          0006(fffffe6c:VECTTBL)
                                          0006(fffffe70:VECTTBL)
                                          0006(fffffe74:VECTTBL)
                                          0006(fffffe78:VECTTBL)
                                          0006(fffffe7c:VECTTBL)
                                          0006(fffffe80:VECTTBL)
                                          0006(fffffe84:VECTTBL)
                                          0006(fffffe88:VECTTBL)
                                          0006(fffffe8c:VECTTBL)
                                          0006(fffffe90:VECTTBL)
                                          0006(fffffe94:VECTTBL)
                                          0006(fffffe98:VECTTBL)
                                          0006(fffffe9c:VECTTBL)
                                          0006(fffffea0:VECTTBL)
                                          0006(fffffea4:VECTTBL)
                                          0006(fffffea8:VECTTBL)
                                          0006(fffffeac:VECTTBL)
                                          0006(fffffeb0:VECTTBL)
                                          0006(fffffeb4:VECTTBL)
                                          0006(fffffeb8:VECTTBL)
                                          0006(fffffebc:VECTTBL)
                                          0006(fffffec0:VECTTBL)
                                          0006(fffffec4:VECTTBL)
                                          0006(fffffec8:VECTTBL)
                                          0006(fffffecc:VECTTBL)
                                          0006(fffffed0:VECTTBL)
                                          0006(fffffed4:VECTTBL)
                                          0006(fffffed8:VECTTBL)
                                          0006(fffffedc:VECTTBL)
                                          0006(fffffee0:VECTTBL)
                                          0006(fffffee4:VECTTBL)
                                          0006(fffffee8:VECTTBL)
                                          0006(fffffeec:VECTTBL)
                                          0006(fffffefc:VECTTBL)
                                          0006(ffffff00:VECTTBL)
                                          0006(ffffff04:VECTTBL)
                                          0006(ffffff08:VECTTBL)
                                          0006(ffffff0c:VECTTBL)
                                          0006(ffffff10:VECTTBL)
                                          0006(ffffff14:VECTTBL)
                                          0006(ffffff18:VECTTBL)
                                          0006(ffffff1c:VECTTBL)
                                          0006(ffffff20:VECTTBL)
                                          0006(ffffff24:VECTTBL)
                                          0006(ffffff28:VECTTBL)
                                          0006(ffffff2c:VECTTBL)
                                          0006(ffffff30:VECTTBL)
                                          0006(ffffff34:VECTTBL)
                                          0006(ffffff38:VECTTBL)
                                          0006(ffffff3c:VECTTBL)
                                          0006(ffffff40:VECTTBL)
                                          0006(ffffff44:VECTTBL)
                                          0006(ffffff48:VECTTBL)
                                          0006(ffffff4c:VECTTBL)
                                          0006(ffffff50:VECTTBL)
                                          0006(ffffff54:VECTTBL)
                                          0006(ffffff58:VECTTBL)
                                          0006(ffffff5c:VECTTBL)
                                          0006(ffffff60:VECTTBL)
                                          0006(ffffff64:VECTTBL)
                                          0006(ffffff68:VECTTBL)
                                          0006(ffffff6c:VECTTBL)
                                          0006(ffffff70:VECTTBL)
                                          0006(ffffff74:VECTTBL)
                                          0006(ffffff78:VECTTBL)
                                          0006(ffffff7c:VECTTBL)
                                          0006(ffffffd4:FIXEDVECT)
                                          0006(ffffffd8:FIXEDVECT)
                                          0006(ffffffe0:FIXEDVECT)
                                          0006(ffffffe8:FIXEDVECT)
                                          0006(ffffffec:FIXEDVECT)
                                          0006(fffffff0:FIXEDVECT)
                                          0006(fffffff4:FIXEDVECT)
                 _MainTask
                                 ffe10343 0003(ffe10238:C)
                 _LedTask
                                 ffe103ad 0003(ffe10250:C)
                 _main
                                 ffe103c9 0005(ffe0001f:PResetPRG)
0008 DDR_RX_SCI_I2C
     SECTION=R
                 __ddr_rx_sci_i2c_mgr2
                                 0000173c 0004(ffe11ccb:PIntPRG)
                                          0004(ffe11ce3:PIntPRG)
                                          0004(ffe11cfb:PIntPRG)
                                          0010(ffe10b44:P)
                                          0012(ffe10c7d:P)
                                          0012(ffe10d04:P)
     SECTION=P
                 __ddr_rx_sci_i2c_intr_rxi
                                 ffe103de 0004(ffe11cd0:PIntPRG)
                 __ddr_rx_sci_i2c_intr_txi
                                 ffe103e6 0004(ffe11ce8:PIntPRG)
                 __ddr_rx_sci_i2c_intr_tei
                                 ffe103ee 0004(ffe11d00:PIntPRG)
                 __ddr_rx_sci_i2c_ini
                                 ffe105ed 0007(ffe10348:P)
                 __ddr_rx_sci_i2c_set_adr
                                 ffe106c4 0010(ffe10b4e:P)
                                          0012(ffe10c87:P)
                                          0012(ffe10d19:P)
                                          0012(ffe10d52:P)
                                          0012(ffe10d7e:P)
                 __ddr_rx_sci_i2c_snd
                                 ffe106d4 0010(ffe10b69:P)
                                          0012(ffe10cc2:P)
                                          0012(ffe10cd2:P)
                                          0012(ffe10ded:P)
                 __ddr_rx_sci_i2c_rcv
                                 ffe10741
                 __ddr_rx_sci_i2c_cmd
                                 ffe107b3 0012(ffe10d26:P)
                                          0012(ffe10d5f:P)
                                          0012(ffe10d8b:P)
                                          0012(ffe10da4:P)
     SECTION=D
0009 DDR_RX_CMT0
     SECTION=P
                 __ddr_rx_cmt0_isr
                                 ffe10846 0004(ffe11c9c:PIntPRG)
                 __ddr_rx_cmt0_init
                                 ffe1084a 0002(ffe1033a:P)
0010 ddr_lcd
     SECTION=P
                 _ddr_lcd_intr
                                 ffe108b7 0004(ffe11c78:PIntPRG)
                 _ddr_lcd_ini
                                 ffe10926 0007(ffe1034c:P)
                 _ddr_lcd_adj_blight
                                 ffe10b27 0007(ffe1038c:P)
                                          0007(ffe103a5:P)
                                          0010(ffe10b26:P)
                 _ddr_lcd_put_img
                                 ffe10b6c 0007(ffe10381:P)
                                          0007(ffe10399:P)
                                          0010(ffe109bf:P)
     SECTION=D
     SECTION=B
     SECTION=B_2
     SECTION=SRAM_1
     SECTION=R
0011 ddr_lcd_dat
     SECTION=C_1
                 _ddr_lcd_dat_img1
                                 ffe0020d 0010(ffe10bfc:P)
0012 ddr_tpl
     SECTION=P
                 _ddr_tpl_intr
                                 ffe10c31 0004(ffe11cb4:PIntPRG)
                 _ddr_tpl_ini
                                 ffe10c39 0007(ffe10354:P)
                 _ddr_tpl_get_dat
                                 ffe10cdc 0007(ffe10370:P)
     SECTION=C_1
     SECTION=B
0013 __initsct
     SECTION=P
                 __INITSCT
                                 ffe10dff 0005(ffe0001b:PResetPRG)
     SECTION=C$BSEC
     SECTION=C$DSEC
0014 uC3clrflg
     SECTION=P
                 _clr_flg
                                 ffe10e49 0008(ffe1040d:P)
                                          0008(ffe10449:P)
                                          0008(ffe10485:P)
                                          0008(ffe104c8:P)
                                          0008(ffe10502:P)
                                          0008(ffe1054e:P)
                                          0008(ffe105a3:P)
                                          0008(ffe10704:P)
                                          0008(ffe10771:P)
                                          0008(ffe10800:P)
0015 uC3dlytsk
     SECTION=P
                 _dly_tsk
                                 ffe10e9e 0007(ffe103bc:P)
                                          0007(ffe103c4:P)
                                          0012(ffe10ca7:P)
0016 uC3krncm1
     SECTION=P
                 _start_uC3
                                 ffe10f38 0007(ffe103db:P)
                 __kernel_deqid
                                 ffe1110a 0015(ffe10efc:P)
                                          0016(ffe111a7:P)
                                          0016(ffe11249:P)
                                          0016(ffe112a2:P)
                                          0018(ffe114b4:P)
                                          0026(ffe11ab7:P)
                                          0026(ffe11b08:P)
                 __kernel_enqid
                                 ffe1112e 0016(ffe111c0:P)
                                          0016(ffe11258:P)
                                          0016(ffe11284:P)
                 __kernel_gettskid
                                 ffe1115a 0024(ffe117b6:P)
                 __kernel_check_tskid
                                 ffe111de 0025(ffe11a27:P)
                 __kernel_waiobj
                                 ffe11224 0020(ffe116a9:P)
                 __kernel_enqrdy
                                 ffe11278 0017(ffe1134f:P)
                                          0018(ffe114c6:P)
                                          0025(ffe11a21:P)
                 __kernel_relobj
                                 ffe11299 0017(ffe11339:P)
                 _vget_tms
                                 ffe112b1
0017 uC3setflg
     SECTION=P
                 _set_flg
                                 ffe112ba 0008(ffe103e3:P)
                                          0008(ffe103eb:P)
                                          0008(ffe103f8:P)
                                          0012(ffe10c36:P)
0018 uC3sigtim
     SECTION=P
                 __kernel_enqtim_sub
                                 ffe11376 0018(ffe1143b:P)
                 __kernel_enqtim
                                 ffe113b6 0015(ffe10f1e:P)
                                          0016(ffe11024:P)
                                          0016(ffe1126f:P)
                                          0018(ffe11527:P)
                 __kernel_deqtim
                                 ffe1143d 0016(ffe112ab:P)
                 __kernel_timup
                                 ffe11476 0018(ffe1158b:P)
                 __kernel_timpro
                                 ffe1152c 0024(ffe11991:P)
                 _isig_tim
                                 ffe11598 0009(ffe10847:P)
0019 uC3snsloc
     SECTION=P
                 _sns_loc
                                 ffe115c9 0009(ffe1084d:P)
0020 uC3waiflg
     SECTION=P
                 _twai_flg
                                 ffe115cd 0008(ffe10424:P)
                                          0008(ffe10461:P)
                                          0008(ffe1049e:P)
                                          0008(ffe104de:P)
                                          0008(ffe1051b:P)
                                          0008(ffe10565:P)
                                          0008(ffe10586:P)
                                          0008(ffe105b9:P)
                                          0008(ffe105d9:P)
                                          0008(ffe1071a:P)
                                          0008(ffe10787:P)
                                          0008(ffe10816:P)
                                          0012(ffe10d43:P)
0021 uC3krncm3
     SECTION=B
                 __kernel_systbl
                                 00001718 0014(ffe10e4d:P)
                                          0015(ffe10ea2:P)
                                          0015(ffe10f15:P)
                                          0016(ffe10f3c:P)
                                          0016(ffe10f49:P)
                                          0016(ffe11013:P)
                                          0016(ffe111f1:P)
                                          0016(ffe11228:P)
                                          0016(ffe11264:P)
                                          0016(ffe1128a:P)
                                          0016(ffe112b3:P)
                                          0018(ffe11532:P)
                                          0018(ffe11577:P)
                                          0018(ffe1159a:P)
                                          0018(ffe115b1:P)
                                          0020(ffe115d1:P)
                                          0020(ffe11693:P)
                                          0022(ffe116d8:P)
                                          0023(ffe116fb:P)
                                          0024(ffe11737:P)
                                          0024(ffe1177e:P)
                                          0024(ffe11799:P)
                                          0024(ffe11885:P)
                                          0024(ffe1195b:P)
                                          0024(ffe119a2:P)
                                          0024(ffe119ff:P)
                                          0026(ffe11a80:P)
                                          0026(ffe11abc:P)
                                          0027(ffe11b52:P)
                                          0027(ffe11b85:P)
                                          0027(ffe11ba8:P)
                                          0027(ffe11bbd:P)
                                          0027(ffe11c15:P)
     SECTION=R
                 __kernel_undefined
                                 0000174c
     SECTION=C_2
                 __kernel_ver
                                 ffe1020a 0016(ffe10f6c:P)
     SECTION=D
     SECTION=L
0022 uC3loccpu
     SECTION=P
                 _loc_cpu
                                 ffe116d2 0008(ffe105f0:P)
                                          0008(ffe10665:P)
                                          0009(ffe10855:P)
                                          0010(ffe10968:P)
                                          0010(ffe109c2:P)
                                          0010(ffe10a11:P)
                                          0010(ffe10ab8:P)
                                          0010(ffe10b05:P)
                                          0010(ffe10c19:P)
                                          0012(ffe10c3c:P)
0023 uC3unlcpu
     SECTION=P
                 _unl_cpu
                                 ffe116f5 0008(ffe10648:P)
                                          0008(ffe106bb:P)
                                          0009(ffe108b1:P)
                                          0010(ffe109a1:P)
                                          0010(ffe109d9:P)
                                          0010(ffe10a72:P)
                                          0010(ffe10acc:P)
                                          0010(ffe10b14:P)
                                          0010(ffe10c2e:P)
                                          0012(ffe10c78:P)
0024 uC3dsp
     SECTION=P
                 __kernel_init_depended
                                 ffe11735 0016(ffe10f52:P)
                 __kernel_entsys
                                 ffe11761 0023(ffe11732:P)
                                          0027(ffe11bd5:P)
                 __kernel_waisys
                                 ffe11761 0020(ffe116b3:P)
                 __kernel_dispatch
                                 ffe11797 0016(ffe110fa:P)
                                          0024(ffe119e9:P)
                                          0026(ffe11b22:P)
                 __kernel_entint
                                 ffe11883 0004(ffe11c96:PIntPRG)
                                          0004(ffe11cae:PIntPRG)
                                          0004(ffe11cc6:PIntPRG)
                                          0004(ffe11cde:PIntPRG)
                                          0004(ffe11cf6:PIntPRG)
                 __kernel_retint
                                 ffe11959 0004(ffe11ca0:PIntPRG)
                                          0004(ffe11cb8:PIntPRG)
                                          0004(ffe11cd4:PIntPRG)
                                          0004(ffe11cec:PIntPRG)
                                          0004(ffe11d04:PIntPRG)
                 _vget_ctx
                                 ffe119fd
     SECTION=SI
     SECTION=SU
     SECTION=C_1
0025 uC3acttsk
     SECTION=P
                 __kernel_acttsk
                                 ffe11a06 0016(ffe11051:P)
                                          0025(ffe11a5c:P)
                                          0026(ffe11b1e:P)
                 _act_tsk
                                 ffe11a24
0026 uC3exttsk
     SECTION=P
                 _ext_tsk
                                 ffe11a7c 0024(ffe11836:P)
                                          0027(ffe11b42:P)
0027 uC3krncm2
     SECTION=P
                 __kernel_setctx
                                 ffe11b28
                 __kernel_cycfunc
                                 ffe11b4a 0018(ffe114ea:P)
                 __kernel_lock
                                 ffe11b92 0014(ffe10e80:P)
                                          0015(ffe10ee6:P)
                                          0017(ffe112f7:P)
                                          0018(ffe115ac:P)
                                          0020(ffe11648:P)
                                          0022(ffe116d3:P)
                                          0023(ffe116f6:P)
                                          0025(ffe11a4b:P)
                                          0026(ffe11aae:P)
                 __kernel_unlock
                                 ffe11bb9 0014(ffe10e8c:P)
                                          0015(ffe10f2c:P)
                                          0017(ffe11364:P)
                                          0018(ffe115be:P)
                                          0020(ffe116bb:P)
                                          0022(ffe116f2:P)
                                          0023(ffe1172c:P)
                                          0025(ffe11a72:P)
                 __kernel_setims
                                 ffe11bf2 0016(ffe111a1:P)
                                          0016(ffe111c5:P)
                 __kernel_snsloc
                                 ffe11c22 0019(ffe115ca:P)
                 __kernel_getims
                                 ffe11c36
